Archive member included to satisfy reference by file (symbol)

D:/Programs/ST/STM32CubeIDE_1.15.1/STM32CubeIDE/plugins/com.st.stm32cube.ide.mcu.externaltools.gnu-tools-for-stm32.12.3.rel1.win32_1.0.100.202403111256/tools/bin/../lib/gcc/arm-none-eabi/12.3.1/../../../../arm-none-eabi/lib/thumb/v7e-m+fp/hard\libc_nano.a(libc_a-exit.o)
                              D:/Programs/ST/STM32CubeIDE_1.15.1/STM32CubeIDE/plugins/com.st.stm32cube.ide.mcu.externaltools.gnu-tools-for-stm32.12.3.rel1.win32_1.0.100.202403111256/tools/bin/../lib/gcc/arm-none-eabi/12.3.1/../../../../arm-none-eabi/lib/thumb/v7e-m+fp/hard/crt0.o (exit)
D:/Programs/ST/STM32CubeIDE_1.15.1/STM32CubeIDE/plugins/com.st.stm32cube.ide.mcu.externaltools.gnu-tools-for-stm32.12.3.rel1.win32_1.0.100.202403111256/tools/bin/../lib/gcc/arm-none-eabi/12.3.1/../../../../arm-none-eabi/lib/thumb/v7e-m+fp/hard\libc_nano.a(libc_a-findfp.o)
                              D:/Programs/ST/STM32CubeIDE_1.15.1/STM32CubeIDE/plugins/com.st.stm32cube.ide.mcu.externaltools.gnu-tools-for-stm32.12.3.rel1.win32_1.0.100.202403111256/tools/bin/../lib/gcc/arm-none-eabi/12.3.1/../../../../arm-none-eabi/lib/thumb/v7e-m+fp/hard\libc_nano.a(libc_a-exit.o) (__stdio_exit_handler)
D:/Programs/ST/STM32CubeIDE_1.15.1/STM32CubeIDE/plugins/com.st.stm32cube.ide.mcu.externaltools.gnu-tools-for-stm32.12.3.rel1.win32_1.0.100.202403111256/tools/bin/../lib/gcc/arm-none-eabi/12.3.1/../../../../arm-none-eabi/lib/thumb/v7e-m+fp/hard\libc_nano.a(libc_a-fwalk.o)
                              D:/Programs/ST/STM32CubeIDE_1.15.1/STM32CubeIDE/plugins/com.st.stm32cube.ide.mcu.externaltools.gnu-tools-for-stm32.12.3.rel1.win32_1.0.100.202403111256/tools/bin/../lib/gcc/arm-none-eabi/12.3.1/../../../../arm-none-eabi/lib/thumb/v7e-m+fp/hard\libc_nano.a(libc_a-findfp.o) (_fwalk_sglue)
D:/Programs/ST/STM32CubeIDE_1.15.1/STM32CubeIDE/plugins/com.st.stm32cube.ide.mcu.externaltools.gnu-tools-for-stm32.12.3.rel1.win32_1.0.100.202403111256/tools/bin/../lib/gcc/arm-none-eabi/12.3.1/../../../../arm-none-eabi/lib/thumb/v7e-m+fp/hard\libc_nano.a(libc_a-stdio.o)
                              D:/Programs/ST/STM32CubeIDE_1.15.1/STM32CubeIDE/plugins/com.st.stm32cube.ide.mcu.externaltools.gnu-tools-for-stm32.12.3.rel1.win32_1.0.100.202403111256/tools/bin/../lib/gcc/arm-none-eabi/12.3.1/../../../../arm-none-eabi/lib/thumb/v7e-m+fp/hard\libc_nano.a(libc_a-findfp.o) (__sread)
D:/Programs/ST/STM32CubeIDE_1.15.1/STM32CubeIDE/plugins/com.st.stm32cube.ide.mcu.externaltools.gnu-tools-for-stm32.12.3.rel1.win32_1.0.100.202403111256/tools/bin/../lib/gcc/arm-none-eabi/12.3.1/../../../../arm-none-eabi/lib/thumb/v7e-m+fp/hard\libc_nano.a(libc_a-memset.o)
                              D:/Programs/ST/STM32CubeIDE_1.15.1/STM32CubeIDE/plugins/com.st.stm32cube.ide.mcu.externaltools.gnu-tools-for-stm32.12.3.rel1.win32_1.0.100.202403111256/tools/bin/../lib/gcc/arm-none-eabi/12.3.1/../../../../arm-none-eabi/lib/thumb/v7e-m+fp/hard/crt0.o (memset)
D:/Programs/ST/STM32CubeIDE_1.15.1/STM32CubeIDE/plugins/com.st.stm32cube.ide.mcu.externaltools.gnu-tools-for-stm32.12.3.rel1.win32_1.0.100.202403111256/tools/bin/../lib/gcc/arm-none-eabi/12.3.1/../../../../arm-none-eabi/lib/thumb/v7e-m+fp/hard\libc_nano.a(libc_a-closer.o)
                              D:/Programs/ST/STM32CubeIDE_1.15.1/STM32CubeIDE/plugins/com.st.stm32cube.ide.mcu.externaltools.gnu-tools-for-stm32.12.3.rel1.win32_1.0.100.202403111256/tools/bin/../lib/gcc/arm-none-eabi/12.3.1/../../../../arm-none-eabi/lib/thumb/v7e-m+fp/hard\libc_nano.a(libc_a-stdio.o) (_close_r)
D:/Programs/ST/STM32CubeIDE_1.15.1/STM32CubeIDE/plugins/com.st.stm32cube.ide.mcu.externaltools.gnu-tools-for-stm32.12.3.rel1.win32_1.0.100.202403111256/tools/bin/../lib/gcc/arm-none-eabi/12.3.1/../../../../arm-none-eabi/lib/thumb/v7e-m+fp/hard\libc_nano.a(libc_a-reent.o)
                              D:/Programs/ST/STM32CubeIDE_1.15.1/STM32CubeIDE/plugins/com.st.stm32cube.ide.mcu.externaltools.gnu-tools-for-stm32.12.3.rel1.win32_1.0.100.202403111256/tools/bin/../lib/gcc/arm-none-eabi/12.3.1/../../../../arm-none-eabi/lib/thumb/v7e-m+fp/hard\libc_nano.a(libc_a-closer.o) (errno)
D:/Programs/ST/STM32CubeIDE_1.15.1/STM32CubeIDE/plugins/com.st.stm32cube.ide.mcu.externaltools.gnu-tools-for-stm32.12.3.rel1.win32_1.0.100.202403111256/tools/bin/../lib/gcc/arm-none-eabi/12.3.1/../../../../arm-none-eabi/lib/thumb/v7e-m+fp/hard\libc_nano.a(libc_a-impure.o)
                              D:/Programs/ST/STM32CubeIDE_1.15.1/STM32CubeIDE/plugins/com.st.stm32cube.ide.mcu.externaltools.gnu-tools-for-stm32.12.3.rel1.win32_1.0.100.202403111256/tools/bin/../lib/gcc/arm-none-eabi/12.3.1/../../../../arm-none-eabi/lib/thumb/v7e-m+fp/hard\libc_nano.a(libc_a-reent.o) (_impure_ptr)
D:/Programs/ST/STM32CubeIDE_1.15.1/STM32CubeIDE/plugins/com.st.stm32cube.ide.mcu.externaltools.gnu-tools-for-stm32.12.3.rel1.win32_1.0.100.202403111256/tools/bin/../lib/gcc/arm-none-eabi/12.3.1/../../../../arm-none-eabi/lib/thumb/v7e-m+fp/hard\libc_nano.a(libc_a-lseekr.o)
[...]
Memory Configuration

Name             Origin             Length             Attributes
CCMRAM           0x10000000         0x00004000         xrw
RAM              0x20000000         0x00010000         xrw
FLASH            0x08000000         0x00080000         xr
*default*        0x00000000         0xffffffff

Linker script and memory map

LOAD D:/Programs/ST/STM32CubeIDE_1.15.1/STM32CubeIDE/plugins/com.st.stm32cube.ide.mcu.externaltools.gnu-tools-for-stm32.12.3.rel1.win32_1.0.100.202403111256/tools/bin/../lib/gcc/arm-none-eabi/12.3.1/thumb/v7e-m+fp/hard/crti.o
LOAD D:/Programs/ST/STM32CubeIDE_1.15.1/STM32CubeIDE/plugins/com.st.stm32cube.ide.mcu.externaltools.gnu-tools-for-stm32.12.3.rel1.win32_1.0.100.202403111256/tools/bin/../lib/gcc/arm-none-eabi/12.3.1/thumb/v7e-m+fp/hard/crtbegin.o
LOAD D:/Programs/ST/STM32CubeIDE_1.15.1/STM32CubeIDE/plugins/com.st.stm32cube.ide.mcu.externaltools.gnu-tools-for-stm32.12.3.rel1.win32_1.0.100.202403111256/tools/bin/../lib/gcc/arm-none-eabi/12.3.1/../../../../arm-none-eabi/lib/thumb/v7e-m+fp/hard/crt0.o
LOAD ./Core/Src/can.o
LOAD ./Core/Src/gpio.o
LOAD ./Core/Src/main.o
LOAD ./Core/Src/rtc.o
LOAD ./Core/Src/stm32f3xx_hal_msp.o
LOAD ./Core/Src/stm32f3xx_it.o
LOAD ./Core/Src/syscalls.o
LOAD ./Core/Src/sysmem.o
LOAD ./Core/Src/system_stm32f3xx.o
LOAD ./Core/Src/usart.o
LOAD ./Core/Src/usb.o
LOAD ./Core/Startup/startup_stm32f303zetx.o
LOAD ./Drivers/STM32F3xx_HAL_Driver/Src/stm32f3xx_hal.o
LOAD ./Drivers/STM32F3xx_HAL_Driver/Src/stm32f3xx_hal_can.o
LOAD ./Drivers/STM32F3xx_HAL_Driver/Src/stm32f3xx_hal_cortex.o
LOAD ./Drivers/STM32F3xx_HAL_Driver/Src/stm32f3xx_hal_dma.o
LOAD ./Drivers/STM32F3xx_HAL_Driver/Src/stm32f3xx_hal_exti.o
LOAD ./Drivers/STM32F3xx_HAL_Driver/Src/stm32f3xx_hal_flash.o
LOAD ./Drivers/STM32F3xx_HAL_Driver/Src/stm32f3xx_hal_flash_ex.o
LOAD ./Drivers/STM32F3xx_HAL_Driver/Src/stm32f3xx_hal_gpio.o
LOAD ./Drivers/STM32F3xx_HAL_Driver/Src/stm32f3xx_hal_i2c.o
LOAD ./Drivers/STM32F3xx_HAL_Driver/Src/stm32f3xx_hal_i2c_ex.o
LOAD ./Drivers/STM32F3xx_HAL_Driver/Src/stm32f3xx_hal_pcd.o
LOAD ./Drivers/STM32F3xx_HAL_Driver/Src/stm32f3xx_hal_pcd_ex.o
LOAD ./Drivers/STM32F3xx_HAL_Driver/Src/stm32f3xx_hal_pwr.o
LOAD ./Drivers/STM32F3xx_HAL_Driver/Src/stm32f3xx_hal_pwr_ex.o
LOAD ./Drivers/STM32F3xx_HAL_Driver/Src/stm32f3xx_hal_rcc.o
LOAD ./Drivers/STM32F3xx_HAL_Driver/Src/stm32f3xx_hal_rcc_ex.o
LOAD ./Drivers/STM32F3xx_HAL_Driver/Src/stm32f3xx_hal_rtc.o
LOAD ./Drivers/STM32F3xx_HAL_Driver/Src/stm32f3xx_hal_rtc_ex.o
LOAD ./Drivers/STM32F3xx_HAL_Driver/Src/stm32f3xx_hal_tim.o
LOAD ./Drivers/STM32F3xx_HAL_Driver/Src/stm32f3xx_hal_tim_ex.o
LOAD ./Drivers/STM32F3xx_HAL_Driver/Src/stm32f3xx_hal_uart.o
LOAD ./Drivers/STM32F3xx_HAL_Driver/Src/stm32f3xx_hal_uart_ex.o
LOAD ./Drivers/STM32F3xx_HAL_Driver/Src/stm32f3xx_ll_usb.o
START GROUP
LOAD D:/Programs/ST/STM32CubeIDE_1.15.1/STM32CubeIDE/plugins/com.st.stm32cube.ide.mcu.externaltools.gnu-tools-for-stm32.12.3.rel1.win32_1.0.100.202403111256/tools/bin/../lib/gcc/arm-none-eabi/12.3.1/../../../../arm-none-eabi/lib/thumb/v7e-m+fp/hard\libc_nano.a
LOAD D:/Programs/ST/STM32CubeIDE_1.15.1/STM32CubeIDE/plugins/com.st.stm32cube.ide.mcu.externaltools.gnu-tools-for-stm32.12.3.rel1.win32_1.0.100.202403111256/tools/bin/../lib/gcc/arm-none-eabi/12.3.1/../../../../arm-none-eabi/lib/thumb/v7e-m+fp/hard\libm.a
END GROUP
START GROUP
LOAD D:/Programs/ST/STM32CubeIDE_1.15.1/STM32CubeIDE/plugins/com.st.stm32cube.ide.mcu.externaltools.gnu-tools-for-stm32.12.3.rel1.win32_1.0.100.202403111256/tools/bin/../lib/gcc/arm-none-eabi/12.3.1/thumb/v7e-m+fp/hard\libgcc.a
LOAD D:/Programs/ST/STM32CubeIDE_1.15.1/STM32CubeIDE/plugins/com.st.stm32cube.ide.mcu.externaltools.gnu-tools-for-stm32.12.3.rel1.win32_1.0.100.202403111256/tools/bin/../lib/gcc/arm-none-eabi/12.3.1/../../../../arm-none-eabi/lib/thumb/v7e-m+fp/hard\libc_nano.a
END GROUP
START GROUP
LOAD D:/Programs/ST/STM32CubeIDE_1.15.1/STM32CubeIDE/plugins/com.st.stm32cube.ide.mcu.externaltools.gnu-tools-for-stm32.12.3.rel1.win32_1.0.100.202403111256/tools/bin/../lib/gcc/arm-none-eabi/12.3.1/thumb/v7e-m+fp/hard\libgcc.a
LOAD D:/Programs/ST/STM32CubeIDE_1.15.1/STM32CubeIDE/plugins/com.st.stm32cube.ide.mcu.externaltools.gnu-tools-for-stm32.12.3.rel1.win32_1.0.100.202403111256/tools/bin/../lib/gcc/arm-none-eabi/12.3.1/../../../../arm-none-eabi/lib/thumb/v7e-m+fp/hard\libc_nano.a
LOAD D:/Programs/ST/STM32CubeIDE_1.15.1/STM32CubeIDE/plugins/com.st.stm32cube.ide.mcu.externaltools.gnu-tools-for-stm32.12.3.rel1.win32_1.0.100.202403111256/tools/bin/../lib/gcc/arm-none-eabi/12.3.1/../../../../arm-none-eabi/lib/thumb/v7e-m+fp/hard\libnosys.a
END GROUP
START GROUP
LOAD D:/Programs/ST/STM32CubeIDE_1.15.1/STM32CubeIDE/plugins/com.st.stm32cube.ide.mcu.externaltools.gnu-tools-for-stm32.12.3.rel1.win32_1.0.100.202403111256/tools/bin/../lib/gcc/arm-none-eabi/12.3.1/thumb/v7e-m+fp/hard\libgcc.a
LOAD D:/Programs/ST/STM32CubeIDE_1.15.1/STM32CubeIDE/plugins/com.st.stm32cube.ide.mcu.externaltools.gnu-tools-for-stm32.12.3.rel1.win32_1.0.100.202403111256/tools/bin/../lib/gcc/arm-none-eabi/12.3.1/../../../../arm-none-eabi/lib/thumb/v7e-m+fp/hard\libc_nano.a
LOAD D:/Programs/ST/STM32CubeIDE_1.15.1/STM32CubeIDE/plugins/com.st.stm32cube.ide.mcu.externaltools.gnu-tools-for-stm32.12.3.rel1.win32_1.0.100.202403111256/tools/bin/../lib/gcc/arm-none-eabi/12.3.1/../../../../arm-none-eabi/lib/thumb/v7e-m+fp/hard\libnosys.a
END GROUP
LOAD D:/Programs/ST/STM32CubeIDE_1.15.1/STM32CubeIDE/plugins/com.st.stm32cube.ide.mcu.externaltools.gnu-tools-for-stm32.12.3.rel1.win32_1.0.100.202403111256/tools/bin/../lib/gcc/arm-none-eabi/12.3.1/thumb/v7e-m+fp/hard/crtend.o
LOAD D:/Programs/ST/STM32CubeIDE_1.15.1/STM32CubeIDE/plugins/com.st.stm32cube.ide.mcu.externaltools.gnu-tools-for-stm32.12.3.rel1.win32_1.0.100.202403111256/tools/bin/../lib/gcc/arm-none-eabi/12.3.1/thumb/v7e-m+fp/hard/crtn.o
                0x20010000                        _estack = (ORIGIN (RAM) + LENGTH (RAM))
                0x00000200                        _Min_Heap_Size = 0x200
                0x00000400                        _Min_Stack_Size = 0x400

.isr_vector     0x08000000      0x194
                0x08000000                        . = ALIGN (0x4)
 *(.isr_vector)
 .isr_vector    0x08000000      0x194 ./Core/Startup/startup_stm32f303zetx.o
                0x08000000                g_pfnVectors
                0x08000194                        . = ALIGN (0x4)

.text           0x08000194     0x35b4
                0x08000194                        . = ALIGN (0x4)
 *(.text)
 .text          0x08000194       0x40 D:/Programs/ST/STM32CubeIDE_1.15.1/STM32CubeIDE/plugins/com.st.stm32cube.ide.mcu.externaltools.gnu-tools-for-stm32.12.3.rel1.win32_1.0.100.202403111256/tools/bin/../lib/gcc/arm-none-eabi/12.3.1/thumb/v7e-m+fp/hard/crtbegin.o
 *(.text*)
 .text.MX_CAN_Init
                0x080001d4       0x70 ./Core/Src/can.o
                0x080001d4                MX_CAN_Init
 .text.HAL_CAN_MspInit
                0x08000244       0x88 ./Core/Src/can.o
                0x08000244                HAL_CAN_MspInit
 .text.MX_GPIO_Init
                0x080002cc      0x144 ./Core/Src/gpio.o
                0x080002cc                MX_GPIO_Init
 .text.SetPinOutput
                0x08000410       0x38 ./Core/Src/main.o
                0x08000410                SetPinOutput
 .text.ReadBtn  0x08000448       0x68 ./Core/Src/main.o
                0x08000448                ReadBtn
 .text.main     0x080004b0       0x26 ./Core/Src/main.o
                0x080004b0                main
 *fill*         0x080004d6        0x2 
 .text.SystemClock_Config
                0x080004d8       0xd0 ./Core/Src/main.o
                0x080004d8                SystemClock_Config
 .text.Error_Handler
                0x080005a8        0xc ./Core/Src/main.o
                0x080005a8                Error_Handler
 .text.MX_RTC_Init
                0x080005b4       0x4c ./Core/Src/rtc.o
                0x080005b4                MX_RTC_Init
 .text.HAL_RTC_MspInit
                0x08000600       0x4c ./Core/Src/rtc.o
                0x08000600                HAL_RTC_MspInit
 .text.HAL_MspInit
                0x0800064c       0x48 ./Core/Src/stm32f3xx_hal_msp.o
                0x0800064c                HAL_MspInit
 .text.NMI_Handler
                0x08000694        0x8 ./Core/Src/stm32f3xx_it.o
                0x08000694                NMI_Handler
 .text.HardFault_Handler
                0x0800069c        0x8 ./Core/Src/stm32f3xx_it.o
                0x0800069c                HardFault_Handler
 .text.MemManage_Handler
                0x080006a4        0x8 ./Core/Src/stm32f3xx_it.o
                0x080006a4                MemManage_Handler
 .text.BusFault_Handler
                0x080006ac        0x8 ./Core/Src/stm32f3xx_it.o
                0x080006ac                BusFault_Handler
 .text.UsageFault_Handler
                0x080006b4        0x8 ./Core/Src/stm32f3xx_it.o
                0x080006b4                UsageFault_Handler
 .text.SVC_Handler
                0x080006bc        0xe ./Core/Src/stm32f3xx_it.o
                0x080006bc                SVC_Handler
 .text.DebugMon_Handler
                0x080006ca        0xe ./Core/Src/stm32f3xx_it.o
                0x080006ca                DebugMon_Handler
 .text.PendSV_Handler
                0x080006d8        0xe ./Core/Src/stm32f3xx_it.o
                0x080006d8                PendSV_Handler
 .text.SysTick_Handler
                0x080006e6        0xc ./Core/Src/stm32f3xx_it.o
                0x080006e6                SysTick_Handler
 *fill*         0x080006f2        0x2 
 .text.SystemInit
                0x080006f4       0x24 ./Core/Src/system_stm32f3xx.o
                0x080006f4                SystemInit
 .text.MX_USART3_UART_Init
                0x08000718       0x60 ./Core/Src/usart.o
                0x08000718                MX_USART3_UART_Init
 .text.HAL_UART_MspInit
                0x08000778       0x88 ./Core/Src/usart.o
                0x08000778                HAL_UART_MspInit
 .text.MX_USB_PCD_Init
                0x08000800       0x4c ./Core/Src/usb.o
                0x08000800                MX_USB_PCD_Init
 .text.HAL_PCD_MspInit
                0x0800084c       0x40 ./Core/Src/usb.o
                0x0800084c                HAL_PCD_MspInit
 .text.Reset_Handler
                0x0800088c       0x50 ./Core/Startup/startup_stm32f303zetx.o
                0x0800088c                Reset_Handler
 .text.Default_Handler
                0x080008dc        0x2 ./Core/Startup/startup_stm32f303zetx.o
                0x080008dc                RTC_Alarm_IRQHandler
                0x080008dc                TIM8_TRG_COM_IRQHandler
                0x080008dc                TIM8_CC_IRQHandler
                0x080008dc                SPI4_IRQHandler
                0x080008dc                TIM1_CC_IRQHandler
                0x080008dc                USB_HP_IRQHandler
                0x080008dc                PVD_IRQHandler
                0x080008dc                TAMP_STAMP_IRQHandler
                0x080008dc                EXTI3_IRQHandler
                0x080008dc                I2C3_ER_IRQHandler
                0x080008dc                USB_HP_CAN_TX_IRQHandler
                0x080008dc                EXTI0_IRQHandler
                0x080008dc                I2C2_EV_IRQHandler
                0x080008dc                FPU_IRQHandler
                0x080008dc                TIM1_UP_TIM16_IRQHandler
                0x080008dc                ADC1_2_IRQHandler
                0x080008dc                SPI1_IRQHandler
                0x080008dc                CAN_SCE_IRQHandler
                0x080008dc                TIM6_DAC_IRQHandler
                0x080008dc                TIM8_UP_IRQHandler
                0x080008dc                DMA2_Channel2_IRQHandler
                0x080008dc                DMA1_Channel4_IRQHandler
                0x080008dc                TIM20_TRG_COM_IRQHandler
                0x080008dc                USART3_IRQHandler
                0x080008dc                DMA1_Channel7_IRQHandler
                0x080008dc                UART5_IRQHandler
                0x080008dc                ADC3_IRQHandler
                0x080008dc                TIM4_IRQHandler
                0x080008dc                CAN_RX1_IRQHandler
                0x080008dc                DMA2_Channel1_IRQHandler
                0x080008dc                I2C1_EV_IRQHandler
                0x080008dc                DMA1_Channel6_IRQHandler
                0x080008dc                UART4_IRQHandler
                0x080008dc                DMA2_Channel4_IRQHandler
                0x080008dc                TIM3_IRQHandler
                0x080008dc                RCC_IRQHandler
                0x080008dc                TIM20_UP_IRQHandler
                0x080008dc                DMA1_Channel1_IRQHandler
                0x080008dc                Default_Handler
                0x080008dc                USBWakeUp_RMP_IRQHandler
                0x080008dc                EXTI15_10_IRQHandler
                0x080008dc                TIM7_IRQHandler
                0x080008dc                I2C3_EV_IRQHandler
                0x080008dc                EXTI9_5_IRQHandler
                0x080008dc                RTC_WKUP_IRQHandler
                0x080008dc                SPI2_IRQHandler
                0x080008dc                USB_LP_CAN_RX0_IRQHandler
                0x080008dc                DMA2_Channel5_IRQHandler
                0x080008dc                DMA1_Channel5_IRQHandler
                0x080008dc                USB_LP_IRQHandler
                0x080008dc                EXTI4_IRQHandler
                0x080008dc                TIM1_TRG_COM_TIM17_IRQHandler
                0x080008dc                DMA1_Channel3_IRQHandler
                0x080008dc                ADC4_IRQHandler
                0x080008dc                WWDG_IRQHandler
                0x080008dc                TIM2_IRQHandler
                0x080008dc                COMP7_IRQHandler
                0x080008dc                COMP1_2_3_IRQHandler
                0x080008dc                EXTI1_IRQHandler
                0x080008dc                USART2_IRQHandler
                0x080008dc                COMP4_5_6_IRQHandler
                0x080008dc                TIM20_BRK_IRQHandler
                0x080008dc                I2C2_ER_IRQHandler
                0x080008dc                DMA1_Channel2_IRQHandler
                0x080008dc                TIM8_BRK_IRQHandler
                0x080008dc                FLASH_IRQHandler
                0x080008dc                TIM20_CC_IRQHandler
                0x080008dc                USART1_IRQHandler
                0x080008dc                SPI3_IRQHandler
                0x080008dc                I2C1_ER_IRQHandler
                0x080008dc                FMC_IRQHandler
                0x080008dc                USBWakeUp_IRQHandler
                0x080008dc                DMA2_Channel3_IRQHandler
                0x080008dc                EXTI2_TSC_IRQHandler
                0x080008dc                TIM1_BRK_TIM15_IRQHandler
 *fill*         0x080008de        0x2 
 .text.HAL_Init
                0x080008e0       0x2c ./Drivers/STM32F3xx_HAL_Driver/Src/stm32f3xx_hal.o
                0x080008e0                HAL_Init
 .text.HAL_InitTick
                0x0800090c       0x60 ./Drivers/STM32F3xx_HAL_Driver/Src/stm32f3xx_hal.o
                0x0800090c                HAL_InitTick
 .text.HAL_IncTick
                0x0800096c       0x28 ./Drivers/STM32F3xx_HAL_Driver/Src/stm32f3xx_hal.o
                0x0800096c                HAL_IncTick
 .text.HAL_GetTick
                0x08000994       0x18 ./Drivers/STM32F3xx_HAL_Driver/Src/stm32f3xx_hal.o
                0x08000994                HAL_GetTick
 .text.HAL_Delay
                0x080009ac       0x48 ./Drivers/STM32F3xx_HAL_Driver/Src/stm32f3xx_hal.o
                0x080009ac                HAL_Delay
 .text.HAL_CAN_Init
                0x080009f4      0x1f6 ./Drivers/STM32F3xx_HAL_Driver/Src/stm32f3xx_hal_can.o
                0x080009f4                HAL_CAN_Init
 *fill*         0x08000bea        0x2 
 .text.__NVIC_SetPriorityGrouping
                0x08000bec       0x48 ./Drivers/STM32F3xx_HAL_Driver/Src/stm32f3xx_hal_cortex.o
 .text.__NVIC_GetPriorityGrouping
                0x08000c34       0x1c ./Drivers/STM32F3xx_HAL_Driver/Src/stm32f3xx_hal_cortex.o
 .text.__NVIC_SetPriority
                0x08000c50       0x54 ./Drivers/STM32F3xx_HAL_Driver/Src/stm32f3xx_hal_cortex.o
 .text.NVIC_EncodePriority
                0x08000ca4       0x66 ./Drivers/STM32F3xx_HAL_Driver/Src/stm32f3xx_hal_cortex.o
 *fill*         0x08000d0a        0x2 
 .text.SysTick_Config
                0x08000d0c       0x44 ./Drivers/STM32F3xx_HAL_Driver/Src/stm32f3xx_hal_cortex.o
 .text.HAL_NVIC_SetPriorityGrouping
                0x08000d50       0x16 ./Drivers/STM32F3xx_HAL_Driver/Src/stm32f3xx_hal_cortex.o
                0x08000d50                HAL_NVIC_SetPriorityGrouping
 .text.HAL_NVIC_SetPriority
                0x08000d66       0x38 ./Drivers/STM32F3xx_HAL_Driver/Src/stm32f3xx_hal_cortex.o
                0x08000d66                HAL_NVIC_SetPriority
 .text.HAL_SYSTICK_Config
                0x08000d9e       0x18 ./Drivers/STM32F3xx_HAL_Driver/Src/stm32f3xx_hal_cortex.o
                0x08000d9e                HAL_SYSTICK_Config
 *fill*         0x08000db6        0x2 
 .text.HAL_GPIO_Init
                0x08000db8      0x314 ./Drivers/STM32F3xx_HAL_Driver/Src/stm32f3xx_hal_gpio.o
                0x08000db8                HAL_GPIO_Init
 .text.HAL_GPIO_ReadPin
                0x080010cc       0x30 ./Drivers/STM32F3xx_HAL_Driver/Src/stm32f3xx_hal_gpio.o
                0x080010cc                HAL_GPIO_ReadPin
 .text.HAL_GPIO_WritePin
                0x080010fc       0x30 ./Drivers/STM32F3xx_HAL_Driver/Src/stm32f3xx_hal_gpio.o
                0x080010fc                HAL_GPIO_WritePin
 .text.HAL_PCD_Init
                0x0800112c      0x18e ./Drivers/STM32F3xx_HAL_Driver/Src/stm32f3xx_hal_pcd.o
                0x0800112c                HAL_PCD_Init
 *fill*         0x080012ba        0x2 
 .text.HAL_RCC_OscConfig
                0x080012bc     0x10a8 ./Drivers/STM32F3xx_HAL_Driver/Src/stm32f3xx_hal_rcc.o
                0x080012bc                HAL_RCC_OscConfig
 .text.HAL_RCC_ClockConfig
                0x08002364      0x2f8 ./Drivers/STM32F3xx_HAL_Driver/Src/stm32f3xx_hal_rcc.o
                0x08002364                HAL_RCC_ClockConfig
 .text.HAL_RCC_GetSysClockFreq
                0x0800265c       0xa8 ./Drivers/STM32F3xx_HAL_Driver/Src/stm32f3xx_hal_rcc.o
                0x0800265c                HAL_RCC_GetSysClockFreq
 .text.HAL_RCC_GetHCLKFreq
                0x08002704       0x18 ./Drivers/STM32F3xx_HAL_Driver/Src/stm32f3xx_hal_rcc.o
                0x08002704                HAL_RCC_GetHCLKFreq
 .text.HAL_RCC_GetPCLK1Freq
                0x0800271c       0x44 ./Drivers/STM32F3xx_HAL_Driver/Src/stm32f3xx_hal_rcc.o
                0x0800271c                HAL_RCC_GetPCLK1Freq
 .text.HAL_RCC_GetPCLK2Freq
                0x08002760       0x44 ./Drivers/STM32F3xx_HAL_Driver/Src/stm32f3xx_hal_rcc.o
                0x08002760                HAL_RCC_GetPCLK2Freq
 .text.HAL_RCCEx_PeriphCLKConfig
                0x080027a4      0x43c ./Drivers/STM32F3xx_HAL_Driver/Src/stm32f3xx_hal_rcc_ex.o
                0x080027a4                HAL_RCCEx_PeriphCLKConfig
 .text.HAL_RTC_Init
                0x08002be0      0x106 ./Drivers/STM32F3xx_HAL_Driver/Src/stm32f3xx_hal_rtc.o
                0x08002be0                HAL_RTC_Init
 *fill*         0x08002ce6        0x2 
 .text.HAL_RTC_WaitForSynchro
                0x08002ce8       0x4c ./Drivers/STM32F3xx_HAL_Driver/Src/stm32f3xx_hal_rtc.o
                0x08002ce8                HAL_RTC_WaitForSynchro
 .text.RTC_EnterInitMode
                0x08002d34       0x6e ./Drivers/STM32F3xx_HAL_Driver/Src/stm32f3xx_hal_rtc.o
                0x08002d34                RTC_EnterInitMode
 .text.RTC_ExitInitMode
                0x08002da2       0x4a ./Drivers/STM32F3xx_HAL_Driver/Src/stm32f3xx_hal_rtc.o
                0x08002da2                RTC_ExitInitMode
 .text.HAL_UART_Init
                0x08002dec       0x9c ./Drivers/STM32F3xx_HAL_Driver/Src/stm32f3xx_hal_uart.o
                0x08002dec                HAL_UART_Init
 .text.UART_SetConfig
                0x08002e88      0x3a8 ./Drivers/STM32F3xx_HAL_Driver/Src/stm32f3xx_hal_uart.o
                0x08002e88                UART_SetConfig
 .text.UART_AdvFeatureConfig
                0x08003230      0x144 ./Drivers/STM32F3xx_HAL_Driver/Src/stm32f3xx_hal_uart.o
                0x08003230                UART_AdvFeatureConfig
 .text.UART_CheckIdleState
                0x08003374      0x150 ./Drivers/STM32F3xx_HAL_Driver/Src/stm32f3xx_hal_uart.o
                0x08003374                UART_CheckIdleState
 .text.UART_WaitOnFlagUntilTimeout
                0x080034c4       0xda ./Drivers/STM32F3xx_HAL_Driver/Src/stm32f3xx_hal_uart.o
                0x080034c4                UART_WaitOnFlagUntilTimeout
 .text.UART_EndRxTransfer
                0x0800359e       0xc8 ./Drivers/STM32F3xx_HAL_Driver/Src/stm32f3xx_hal_uart.o
 .text.USB_DisableGlobalInt
                0x08003666       0x36 ./Drivers/STM32F3xx_HAL_Driver/Src/stm32f3xx_ll_usb.o
                0x08003666                USB_DisableGlobalInt
 .text.USB_DevInit
                0x0800369c       0x3c ./Drivers/STM32F3xx_HAL_Driver/Src/stm32f3xx_ll_usb.o
                0x0800369c                USB_DevInit
 .text.memset   0x080036d8       0x10 D:/Programs/ST/STM32CubeIDE_1.15.1/STM32CubeIDE/plugins/com.st.stm32cube.ide.mcu.externaltools.gnu-tools-for-stm32.12.3.rel1.win32_1.0.100.202403111256/tools/bin/../lib/gcc/arm-none-eabi/12.3.1/../../../../arm-none-eabi/lib/thumb/v7e-m+fp/hard\libc_nano.a(libc_a-memset.o)
                0x080036d8                memset
 .text.__libc_init_array
                0x080036e8       0x48 D:/Programs/ST/STM32CubeIDE_1.15.1/STM32CubeIDE/plugins/com.st.stm32cube.ide.mcu.externaltools.gnu-tools-for-stm32.12.3.rel1.win32_1.0.100.202403111256/tools/bin/../lib/gcc/arm-none-eabi/12.3.1/../../../../arm-none-eabi/lib/thumb/v7e-m+fp/hard\libc_nano.a(libc_a-init.o)
                0x080036e8                __libc_init_array
 *(.glue_7)
 .glue_7        0x08003730        0x0 linker stubs
 *(.glue_7t)
 .glue_7t       0x08003730        0x0 linker stubs
 *(.eh_frame)
 .eh_frame      0x08003730        0x0 D:/Programs/ST/STM32CubeIDE_1.15.1/STM32CubeIDE/plugins/com.st.stm32cube.ide.mcu.externaltools.gnu-tools-for-stm32.12.3.rel1.win32_1.0.100.202403111256/tools/bin/../lib/gcc/arm-none-eabi/12.3.1/thumb/v7e-m+fp/hard/crtbegin.o
 *(.init)
 .init          0x08003730        0x4 D:/Programs/ST/STM32CubeIDE_1.15.1/STM32CubeIDE/plugins/com.st.stm32cube.ide.mcu.externaltools.gnu-tools-for-stm32.12.3.rel1.win32_1.0.100.202403111256/tools/bin/../lib/gcc/arm-none-eabi/12.3.1/thumb/v7e-m+fp/hard/crti.o
                0x08003730                _init
 .init          0x08003734        0x8 D:/Programs/ST/STM32CubeIDE_1.15.1/STM32CubeIDE/plugins/com.st.stm32cube.ide.mcu.externaltools.gnu-tools-for-stm32.12.3.rel1.win32_1.0.100.202403111256/tools/bin/../lib/gcc/arm-none-eabi/12.3.1/thumb/v7e-m+fp/hard/crtn.o
 *(.fini)
 .fini          0x0800373c        0x4 D:/Programs/ST/STM32CubeIDE_1.15.1/STM32CubeIDE/plugins/com.st.stm32cube.ide.mcu.externaltools.gnu-tools-for-stm32.12.3.rel1.win32_1.0.100.202403111256/tools/bin/../lib/gcc/arm-none-eabi/12.3.1/thumb/v7e-m+fp/hard/crti.o
                0x0800373c                _fini
 .fini          0x08003740        0x8 D:/Programs/ST/STM32CubeIDE_1.15.1/STM32CubeIDE/plugins/com.st.stm32cube.ide.mcu.externaltools.gnu-tools-for-stm32.12.3.rel1.win32_1.0.100.202403111256/tools/bin/../lib/gcc/arm-none-eabi/12.3.1/thumb/v7e-m+fp/hard/crtn.o
                0x08003748                        . = ALIGN (0x4)
                0x08003748                        _etext = .

.vfp11_veneer   0x08003748        0x0
 .vfp11_veneer  0x08003748        0x0 linker stubs

.v4_bx          0x08003748        0x0
 .v4_bx         0x08003748        0x0 linker stubs

.iplt           0x08003748        0x0
 .iplt          0x08003748        0x0 D:/Programs/ST/STM32CubeIDE_1.15.1/STM32CubeIDE/plugins/com.st.stm32cube.ide.mcu.externaltools.gnu-tools-for-stm32.12.3.rel1.win32_1.0.100.202403111256/tools/bin/../lib/gcc/arm-none-eabi/12.3.1/thumb/v7e-m+fp/hard/crtbegin.o

.rodata         0x08003748       0x38
                0x08003748                        . = ALIGN (0x4)
 *(.rodata)
 *(.rodata*)
 .rodata.AHBPrescTable
                0x08003748       0x10 ./Core/Src/system_stm32f3xx.o
                0x08003748                AHBPrescTable
 .rodata.APBPrescTable
                0x08003758        0x8 ./Core/Src/system_stm32f3xx.o
                0x08003758                APBPrescTable
 .rodata.aPLLMULFactorTable
                0x08003760       0x10 ./Drivers/STM32F3xx_HAL_Driver/Src/stm32f3xx_hal_rcc.o
 .rodata.aPredivFactorTable
                0x08003770       0x10 ./Drivers/STM32F3xx_HAL_Driver/Src/stm32f3xx_hal_rcc.o
                0x08003780                        . = ALIGN (0x4)

.ARM.extab      0x08003780        0x0
                0x08003780                        . = ALIGN (0x4)
 *(.ARM.extab* .gnu.linkonce.armextab.*)
                0x08003780                        . = ALIGN (0x4)

.ARM            0x08003780        0x0
                0x08003780                        . = ALIGN (0x4)
                0x08003780                        __exidx_start = .
 *(.ARM.exidx*)
                0x08003780                        __exidx_end = .
                0x08003780                        . = ALIGN (0x4)

.preinit_array  0x08003780        0x0
                0x08003780                        . = ALIGN (0x4)
                0x08003780                        PROVIDE (__preinit_array_start = .)
 *(.preinit_array*)
                0x08003780                        PROVIDE (__preinit_array_end = .)
                0x08003780                        . = ALIGN (0x4)

.init_array     0x08003780        0x4
                0x08003780                        . = ALIGN (0x4)
                0x08003780                        PROVIDE (__init_array_start = .)
 *(SORT_BY_NAME(.init_array.*))
 *(.init_array*)
 .init_array    0x08003780        0x4 D:/Programs/ST/STM32CubeIDE_1.15.1/STM32CubeIDE/plugins/com.st.stm32cube.ide.mcu.externaltools.gnu-tools-for-stm32.12.3.rel1.win32_1.0.100.202403111256/tools/bin/../lib/gcc/arm-none-eabi/12.3.1/thumb/v7e-m+fp/hard/crtbegin.o
                0x08003784                        PROVIDE (__init_array_end = .)
                0x08003784                        . = ALIGN (0x4)

.fini_array     0x08003784        0x4
                0x08003784                        . = ALIGN (0x4)
                [!provide]                        PROVIDE (__fini_array_start = .)
 *(SORT_BY_NAME(.fini_array.*))
 *(.fini_array*)
 .fini_array    0x08003784        0x4 D:/Programs/ST/STM32CubeIDE_1.15.1/STM32CubeIDE/plugins/com.st.stm32cube.ide.mcu.externaltools.gnu-tools-for-stm32.12.3.rel1.win32_1.0.100.202403111256/tools/bin/../lib/gcc/arm-none-eabi/12.3.1/thumb/v7e-m+fp/hard/crtbegin.o
                [!provide]                        PROVIDE (__fini_array_end = .)
                0x08003788                        . = ALIGN (0x4)
                0x08003788                        _sidata = LOADADDR (.data)

.rel.dyn        0x08003788        0x0
 .rel.iplt      0x08003788        0x0 D:/Programs/ST/STM32CubeIDE_1.15.1/STM32CubeIDE/plugins/com.st.stm32cube.ide.mcu.externaltools.gnu-tools-for-stm32.12.3.rel1.win32_1.0.100.202403111256/tools/bin/../lib/gcc/arm-none-eabi/12.3.1/thumb/v7e-m+fp/hard/crtbegin.o

.data           0x20000000        0xc load address 0x08003788
                0x20000000                        . = ALIGN (0x4)
                0x20000000                        _sdata = .
 *(.data)
 *(.data*)
 .data.SystemCoreClock
                0x20000000        0x4 ./Core/Src/system_stm32f3xx.o
                0x20000000                SystemCoreClock
 .data.uwTickPrio
                0x20000004        0x4 ./Drivers/STM32F3xx_HAL_Driver/Src/stm32f3xx_hal.o
                0x20000004                uwTickPrio
 .data.uwTickFreq
                0x20000008        0x1 ./Drivers/STM32F3xx_HAL_Driver/Src/stm32f3xx_hal.o
                0x20000008                uwTickFreq
 *(.RamFunc)
 *(.RamFunc*)
                0x2000000c                        . = ALIGN (0x4)
 *fill*         0x20000009        0x3 
                0x2000000c                        _edata = .
                0x08003794                        _siccmram = LOADADDR (.ccmram)

.igot.plt       0x2000000c        0x0 load address 0x08003794
 .igot.plt      0x2000000c        0x0 D:/Programs/ST/STM32CubeIDE_1.15.1/STM32CubeIDE/plugins/com.st.stm32cube.ide.mcu.externaltools.gnu-tools-for-stm32.12.3.rel1.win32_1.0.100.202403111256/tools/bin/../lib/gcc/arm-none-eabi/12.3.1/thumb/v7e-m+fp/hard/crtbegin.o

.ccmram         0x10000000        0x0 load address 0x08003794
                0x10000000                        . = ALIGN (0x4)
                0x10000000                        _sccmram = .
 *(.ccmram)
 *(.ccmram*)
                0x10000000                        . = ALIGN (0x4)
                0x10000000                        _eccmram = .
                0x10000000                        . = ALIGN (0x4)

.bss            0x2000000c      0x3c4
                0x2000000c                        _sbss = .
                0x2000000c                        __bss_start__ = _sbss
 *(.bss)
 .bss           0x2000000c       0x1c D:/Programs/ST/STM32CubeIDE_1.15.1/STM32CubeIDE/plugins/com.st.stm32cube.ide.mcu.externaltools.gnu-tools-for-stm32.12.3.rel1.win32_1.0.100.202403111256/tools/bin/../lib/gcc/arm-none-eabi/12.3.1/thumb/v7e-m+fp/hard/crtbegin.o
 *(.bss*)
 .bss.hcan      0x20000028       0x28 ./Core/Src/can.o
                0x20000028                hcan
 .bss.hrtc      0x20000050       0x20 ./Core/Src/rtc.o
                0x20000050                hrtc
 .bss.huart3    0x20000070       0x88 ./Core/Src/usart.o
                0x20000070                huart3
 .bss.hpcd_USB_FS
                0x200000f8      0x2d4 ./Core/Src/usb.o
                0x200000f8                hpcd_USB_FS
 .bss.uwTick    0x200003cc        0x4 ./Drivers/STM32F3xx_HAL_Driver/Src/stm32f3xx_hal.o
                0x200003cc                uwTick
 *(COMMON)
                0x200003d0                        . = ALIGN (0x4)
                0x200003d0                        _ebss = .
                0x200003d0                        __bss_end__ = _ebss

._user_heap_stack
                0x200003d0      0x600
                0x200003d0                        . = ALIGN (0x8)
                [!provide]                        PROVIDE (end = .)
                0x200003d0                        PROVIDE (_end = .)
                0x200005d0                        . = (. + _Min_Heap_Size)
 *fill*         0x200003d0      0x200 
                0x200009d0                        . = (. + _Min_Stack_Size)
 *fill*         0x200005d0      0x400 
                0x200009d0                        . = ALIGN (0x8)

/DISCARD/
 libc.a(*)
 libm.a(*)
 libgcc.a(*)

.ARM.attributes
                0x00000000       0x30
 *(.ARM.attributes)
 .ARM.attributes
                0x00000000       0x22 D:/Programs/ST/STM32CubeIDE_1.15.1/STM32CubeIDE/plugins/com.st.stm32cube.ide.mcu.externaltools.gnu-tools-for-stm32.12.3.rel1.win32_1.0.100.202403111256/tools/bin/../lib/gcc/arm-none-eabi/12.3.1/thumb/v7e-m+fp/hard/crti.o
 .ARM.attributes
                0x00000022       0x34 D:/Programs/ST/STM32CubeIDE_1.15.1/STM32CubeIDE/plugins/com.st.stm32cube.ide.mcu.externaltools.gnu-tools-for-stm32.12.3.rel1.win32_1.0.100.202403111256/tools/bin/../lib/gcc/arm-none-eabi/12.3.1/thumb/v7e-m+fp/hard/crtbegin.o
 .ARM.attributes
                0x00000056       0x34 ./Core/Src/can.o
 .ARM.attributes
                0x0000008a       0x34 ./Core/Src/gpio.o
 .ARM.attributes
                0x000000be       0x34 ./Core/Src/main.o
 .ARM.attributes
                0x000000f2       0x34 ./Core/Src/rtc.o
 .ARM.attributes
                0x00000126       0x34 ./Core/Src/stm32f3xx_hal_msp.o
 .ARM.attributes
                0x0000015a       0x34 ./Core/Src/stm32f3xx_it.o
 .ARM.attributes
                0x0000018e       0x34 ./Core/Src/system_stm32f3xx.o
 .ARM.attributes
                0x000001c2       0x34 ./Core/Src/usart.o
 .ARM.attributes
                0x000001f6       0x34 ./Core/Src/usb.o
 .ARM.attributes
                0x0000022a       0x21 ./Core/Startup/startup_stm32f303zetx.o
 .ARM.attributes
                0x0000024b       0x34 ./Drivers/STM32F3xx_HAL_Driver/Src/stm32f3xx_hal.o
 .ARM.attributes
                0x0000027f       0x34 ./Drivers/STM32F3xx_HAL_Driver/Src/stm32f3xx_hal_can.o
 .ARM.attributes
                0x000002b3       0x34 ./Drivers/STM32F3xx_HAL_Driver/Src/stm32f3xx_hal_cortex.o
 .ARM.attributes
                0x000002e7       0x34 ./Drivers/STM32F3xx_HAL_Driver/Src/stm32f3xx_hal_gpio.o
 .ARM.attributes
                0x0000031b       0x34 ./Drivers/STM32F3xx_HAL_Driver/Src/stm32f3xx_hal_pcd.o
 .ARM.attributes
                0x0000034f       0x34 ./Drivers/STM32F3xx_HAL_Driver/Src/stm32f3xx_hal_rcc.o
 .ARM.attributes
                0x00000383       0x34 ./Drivers/STM32F3xx_HAL_Driver/Src/stm32f3xx_hal_rcc_ex.o
 .ARM.attributes
                0x000003b7       0x34 ./Drivers/STM32F3xx_HAL_Driver/Src/stm32f3xx_hal_rtc.o
 .ARM.attributes
                0x000003eb       0x34 ./Drivers/STM32F3xx_HAL_Driver/Src/stm32f3xx_hal_uart.o
 .ARM.attributes
                0x0000041f       0x34 ./Drivers/STM32F3xx_HAL_Driver/Src/stm32f3xx_ll_usb.o
 .ARM.attributes
                0x00000453       0x34 D:/Programs/ST/STM32CubeIDE_1.15.1/STM32CubeIDE/plugins/com.st.stm32cube.ide.mcu.externaltools.gnu-tools-for-stm32.12.3.rel1.win32_1.0.100.202403111256/tools/bin/../lib/gcc/arm-none-eabi/12.3.1/../../../../arm-none-eabi/lib/thumb/v7e-m+fp/hard\libc_nano.a(libc_a-memset.o)
 .ARM.attributes
                0x00000487       0x34 D:/Programs/ST/STM32CubeIDE_1.15.1/STM32CubeIDE/plugins/com.st.stm32cube.ide.mcu.externaltools.gnu-tools-for-stm32.12.3.rel1.win32_1.0.100.202403111256/tools/bin/../lib/gcc/arm-none-eabi/12.3.1/../../../../arm-none-eabi/lib/thumb/v7e-m+fp/hard\libc_nano.a(libc_a-init.o)
 .ARM.attributes
                0x000004bb       0x22 D:/Programs/ST/STM32CubeIDE_1.15.1/STM32CubeIDE/plugins/com.st.stm32cube.ide.mcu.externaltools.gnu-tools-for-stm32.12.3.rel1.win32_1.0.100.202403111256/tools/bin/../lib/gcc/arm-none-eabi/12.3.1/thumb/v7e-m+fp/hard/crtn.o
OUTPUT(IoT_RaulyAmira.elf elf32-littlearm)
LOAD linker stubs
LOAD D:/Programs/ST/STM32CubeIDE_1.15.1/STM32CubeIDE/plugins/com.st.stm32cube.ide.mcu.externaltools.gnu-tools-for-stm32.12.3.rel1.win32_1.0.100.202403111256/tools/bin/../lib/gcc/arm-none-eabi/12.3.1/../../../../arm-none-eabi/lib/thumb/v7e-m+fp/hard\libc.a
LOAD D:/Programs/ST/STM32CubeIDE_1.15.1/STM32CubeIDE/plugins/com.st.stm32cube.ide.mcu.externaltools.gnu-tools-for-stm32.12.3.rel1.win32_1.0.100.202403111256/tools/bin/../lib/gcc/arm-none-eabi/12.3.1/../../../../arm-none-eabi/lib/thumb/v7e-m+fp/hard\libm.a
LOAD D:/Programs/ST/STM32CubeIDE_1.15.1/STM32CubeIDE/plugins/com.st.stm32cube.ide.mcu.externaltools.gnu-tools-for-stm32.12.3.rel1.win32_1.0.100.202403111256/tools/bin/../lib/gcc/arm-none-eabi/12.3.1/thumb/v7e-m+fp/hard\libgcc.a

.debug_info     0x00000000     0xe4b8
 .debug_info    0x00000000      0x771 ./Core/Src/can.o
 .debug_info    0x00000771      0x375 ./Core/Src/gpio.o
 .debug_info    0x00000ae6      0x5e1 ./Core/Src/main.o
 .debug_info    0x000010c7      0x4d9 ./Core/Src/rtc.o
 .debug_info    0x000015a0      0x18d ./Core/Src/stm32f3xx_hal_msp.o
 .debug_info    0x0000172d      0x113 ./Core/Src/stm32f3xx_it.o
 .debug_info    0x00001840      0x407 ./Core/Src/system_stm32f3xx.o
 .debug_info    0x00001c47      0x91d ./Core/Src/usart.o
 .debug_info    0x00002564      0x6d2 ./Core/Src/usb.o
 .debug_info    0x00002c36       0x30 ./Core/Startup/startup_stm32f303zetx.o
 .debug_info    0x00002c66      0x804 ./Drivers/STM32F3xx_HAL_Driver/Src/stm32f3xx_hal.o
 .debug_info    0x0000346a      0xf07 ./Drivers/STM32F3xx_HAL_Driver/Src/stm32f3xx_hal_can.o
 .debug_info    0x00004371      0xd14 ./Drivers/STM32F3xx_HAL_Driver/Src/stm32f3xx_hal_cortex.o
 .debug_info    0x00005085      0x6a6 ./Drivers/STM32F3xx_HAL_Driver/Src/stm32f3xx_hal_gpio.o
 .debug_info    0x0000572b     0x1687 ./Drivers/STM32F3xx_HAL_Driver/Src/stm32f3xx_hal_pcd.o
 .debug_info    0x00006db2     0x149a ./Drivers/STM32F3xx_HAL_Driver/Src/stm32f3xx_hal_rcc.o
 .debug_info    0x0000824c      0x61b ./Drivers/STM32F3xx_HAL_Driver/Src/stm32f3xx_hal_rcc_ex.o
 .debug_info    0x00008867      0xc56 ./Drivers/STM32F3xx_HAL_Driver/Src/stm32f3xx_hal_rtc.o
 .debug_info    0x000094bd     0x39a8 ./Drivers/STM32F3xx_HAL_Driver/Src/stm32f3xx_hal_uart.o
 .debug_info    0x0000ce65     0x1653 ./Drivers/STM32F3xx_HAL_Driver/Src/stm32f3xx_ll_usb.o

.debug_abbrev   0x00000000     0x255f
 .debug_abbrev  0x00000000      0x1ff ./Core/Src/can.o
 .debug_abbrev  0x000001ff      0x151 ./Core/Src/gpio.o
 .debug_abbrev  0x00000350      0x1f0 ./Core/Src/main.o
 .debug_abbrev  0x00000540      0x1c2 ./Core/Src/rtc.o
 .debug_abbrev  0x00000702       0xc6 ./Core/Src/stm32f3xx_hal_msp.o
 .debug_abbrev  0x000007c8       0x73 ./Core/Src/stm32f3xx_it.o
 .debug_abbrev  0x0000083b      0x11a ./Core/Src/system_stm32f3xx.o
 .debug_abbrev  0x00000955      0x1f5 ./Core/Src/usart.o
 .debug_abbrev  0x00000b4a      0x1d5 ./Core/Src/usb.o
 .debug_abbrev  0x00000d1f       0x24 ./Core/Startup/startup_stm32f303zetx.o
 .debug_abbrev  0x00000d43      0x215 ./Drivers/STM32F3xx_HAL_Driver/Src/stm32f3xx_hal.o
 .debug_abbrev  0x00000f58      0x231 ./Drivers/STM32F3xx_HAL_Driver/Src/stm32f3xx_hal_can.o
 .debug_abbrev  0x00001189      0x31e ./Drivers/STM32F3xx_HAL_Driver/Src/stm32f3xx_hal_cortex.o
 .debug_abbrev  0x000014a7      0x1ca ./Drivers/STM32F3xx_HAL_Driver/Src/stm32f3xx_hal_gpio.o
 .debug_abbrev  0x00001671      0x2d9 ./Drivers/STM32F3xx_HAL_Driver/Src/stm32f3xx_hal_pcd.o
 .debug_abbrev  0x0000194a      0x300 ./Drivers/STM32F3xx_HAL_Driver/Src/stm32f3xx_hal_rcc.o
 .debug_abbrev  0x00001c4a      0x221 ./Drivers/STM32F3xx_HAL_Driver/Src/stm32f3xx_hal_rcc_ex.o
 .debug_abbrev  0x00001e6b      0x1dc ./Drivers/STM32F3xx_HAL_Driver/Src/stm32f3xx_hal_rtc.o
 .debug_abbrev  0x00002047      0x2d1 ./Drivers/STM32F3xx_HAL_Driver/Src/stm32f3xx_hal_uart.o
 .debug_abbrev  0x00002318      0x247 ./Drivers/STM32F3xx_HAL_Driver/Src/stm32f3xx_ll_usb.o

.debug_aranges  0x00000000      0xb60
 .debug_aranges
                0x00000000       0x30 ./Core/Src/can.o
 .debug_aranges
                0x00000030       0x20 ./Core/Src/gpio.o
 .debug_aranges
                0x00000050       0x40 ./Core/Src/main.o
 .debug_aranges
                0x00000090       0x30 ./Core/Src/rtc.o
 .debug_aranges
                0x000000c0       0x20 ./Core/Src/stm32f3xx_hal_msp.o
 .debug_aranges
                0x000000e0       0x60 ./Core/Src/stm32f3xx_it.o
 .debug_aranges
                0x00000140       0x28 ./Core/Src/system_stm32f3xx.o
 .debug_aranges
                0x00000168       0x30 ./Core/Src/usart.o
 .debug_aranges
                0x00000198       0x30 ./Core/Src/usb.o
 .debug_aranges
                0x000001c8       0x28 ./Core/Startup/startup_stm32f303zetx.o
 .debug_aranges
                0x000001f0       0xe0 ./Drivers/STM32F3xx_HAL_Driver/Src/stm32f3xx_hal.o
 .debug_aranges
                0x000002d0      0x138 ./Drivers/STM32F3xx_HAL_Driver/Src/stm32f3xx_hal_can.o
 .debug_aranges
                0x00000408      0x128 ./Drivers/STM32F3xx_HAL_Driver/Src/stm32f3xx_hal_cortex.o
 .debug_aranges
                0x00000530       0x58 ./Drivers/STM32F3xx_HAL_Driver/Src/stm32f3xx_hal_gpio.o
 .debug_aranges
                0x00000588      0x140 ./Drivers/STM32F3xx_HAL_Driver/Src/stm32f3xx_hal_pcd.o
 .debug_aranges
                0x000006c8       0x88 ./Drivers/STM32F3xx_HAL_Driver/Src/stm32f3xx_hal_rcc.o
 .debug_aranges
                0x00000750       0x38 ./Drivers/STM32F3xx_HAL_Driver/Src/stm32f3xx_hal_rcc_ex.o
 .debug_aranges
                0x00000788       0xe8 ./Drivers/STM32F3xx_HAL_Driver/Src/stm32f3xx_hal_rtc.o
 .debug_aranges
                0x00000870      0x228 ./Drivers/STM32F3xx_HAL_Driver/Src/stm32f3xx_hal_uart.o
 .debug_aranges
                0x00000a98       0xc8 ./Drivers/STM32F3xx_HAL_Driver/Src/stm32f3xx_ll_usb.o

.debug_rnglists
                0x00000000      0x89b
 .debug_rnglists
                0x00000000       0x20 ./Core/Src/can.o
 .debug_rnglists
                0x00000020       0x14 ./Core/Src/gpio.o
 .debug_rnglists
                0x00000034       0x2c ./Core/Src/main.o
 .debug_rnglists
                0x00000060       0x1f ./Core/Src/rtc.o
 .debug_rnglists
                0x0000007f       0x13 ./Core/Src/stm32f3xx_hal_msp.o
 .debug_rnglists
                0x00000092       0x43 ./Core/Src/stm32f3xx_it.o
 .debug_rnglists
                0x000000d5       0x1a ./Core/Src/system_stm32f3xx.o
 .debug_rnglists
                0x000000ef       0x20 ./Core/Src/usart.o
 .debug_rnglists
                0x0000010f       0x1f ./Core/Src/usb.o
 .debug_rnglists
                0x0000012e       0x19 ./Core/Startup/startup_stm32f303zetx.o
 .debug_rnglists
                0x00000147       0xa3 ./Drivers/STM32F3xx_HAL_Driver/Src/stm32f3xx_hal.o
 .debug_rnglists
                0x000001ea       0xee ./Drivers/STM32F3xx_HAL_Driver/Src/stm32f3xx_hal_can.o
 .debug_rnglists
                0x000002d8       0xda ./Drivers/STM32F3xx_HAL_Driver/Src/stm32f3xx_hal_cortex.o
 .debug_rnglists
                0x000003b2       0x3f ./Drivers/STM32F3xx_HAL_Driver/Src/stm32f3xx_hal_gpio.o
 .debug_rnglists
                0x000003f1       0xf4 ./Drivers/STM32F3xx_HAL_Driver/Src/stm32f3xx_hal_pcd.o
 .debug_rnglists
                0x000004e5       0x66 ./Drivers/STM32F3xx_HAL_Driver/Src/stm32f3xx_hal_rcc.o
 .debug_rnglists
                0x0000054b       0x29 ./Drivers/STM32F3xx_HAL_Driver/Src/stm32f3xx_hal_rcc_ex.o
 .debug_rnglists
                0x00000574       0xb4 ./Drivers/STM32F3xx_HAL_Driver/Src/stm32f3xx_hal_rtc.o
 .debug_rnglists
                0x00000628      0x1da ./Drivers/STM32F3xx_HAL_Driver/Src/stm32f3xx_hal_uart.o
 .debug_rnglists
                0x00000802       0x99 ./Drivers/STM32F3xx_HAL_Driver/Src/stm32f3xx_ll_usb.o

.debug_macro    0x00000000    0x2125b
 .debug_macro   0x00000000      0x223 ./Core/Src/can.o
 .debug_macro   0x00000223      0xab4 ./Core/Src/can.o
 .debug_macro   0x00000cd7      0x163 ./Core/Src/can.o
 .debug_macro   0x00000e3a       0x2e ./Core/Src/can.o
 .debug_macro   0x00000e68       0x28 ./Core/Src/can.o
 .debug_macro   0x00000e90       0x22 ./Core/Src/can.o
 .debug_macro   0x00000eb2       0x8e ./Core/Src/can.o
 .debug_macro   0x00000f40       0x51 ./Core/Src/can.o
 .debug_macro   0x00000f91      0x103 ./Core/Src/can.o
 .debug_macro   0x00001094       0x6a ./Core/Src/can.o
 .debug_macro   0x000010fe      0x1df ./Core/Src/can.o
 .debug_macro   0x000012dd       0x1c ./Core/Src/can.o
 .debug_macro   0x000012f9       0x22 ./Core/Src/can.o
 .debug_macro   0x0000131b       0xd9 ./Core/Src/can.o
 .debug_macro   0x000013f4     0x102d ./Core/Src/can.o
 .debug_macro   0x00002421      0x11f ./Core/Src/can.o
 .debug_macro   0x00002540    0x1535a ./Core/Src/can.o
 .debug_macro   0x0001789a       0x6d ./Core/Src/can.o
 .debug_macro   0x00017907     0x3574 ./Core/Src/can.o
 .debug_macro   0x0001ae7b      0x189 ./Core/Src/can.o
 .debug_macro   0x0001b004       0x55 ./Core/Src/can.o
 .debug_macro   0x0001b059      0x953 ./Core/Src/can.o
 .debug_macro   0x0001b9ac      0x84a ./Core/Src/can.o
 .debug_macro   0x0001c1f6      0x1b5 ./Core/Src/can.o
 .debug_macro   0x0001c3ab      0x23a ./Core/Src/can.o
 .debug_macro   0x0001c5e5      0x1ea ./Core/Src/can.o
 .debug_macro   0x0001c7cf      0x1bc ./Core/Src/can.o
 .debug_macro   0x0001c98b       0x30 ./Core/Src/can.o
 .debug_macro   0x0001c9bb       0x3c ./Core/Src/can.o
 .debug_macro   0x0001c9f7      0x235 ./Core/Src/can.o
 .debug_macro   0x0001cc2c      0x408 ./Core/Src/can.o
 .debug_macro   0x0001d034       0xc5 ./Core/Src/can.o
 .debug_macro   0x0001d0f9      0x21d ./Core/Src/can.o
 .debug_macro   0x0001d316      0x22c ./Core/Src/can.o
 .debug_macro   0x0001d542       0x5b ./Core/Src/can.o
 .debug_macro   0x0001d59d       0xa5 ./Core/Src/can.o
 .debug_macro   0x0001d642       0x73 ./Core/Src/can.o
 .debug_macro   0x0001d6b5      0x242 ./Core/Src/can.o
 .debug_macro   0x0001d8f7       0x81 ./Core/Src/can.o
 .debug_macro   0x0001d978       0xd3 ./Core/Src/can.o
 .debug_macro   0x0001da4b      0x313 ./Core/Src/can.o
 .debug_macro   0x0001dd5e      0x414 ./Core/Src/can.o
 .debug_macro   0x0001e172       0xeb ./Core/Src/can.o
 .debug_macro   0x0001e25d      0x5ba ./Core/Src/can.o
 .debug_macro   0x0001e817       0x44 ./Core/Src/can.o
 .debug_macro   0x0001e85b      0x347 ./Core/Src/can.o
 .debug_macro   0x0001eba2       0xac ./Core/Src/can.o
 .debug_macro   0x0001ec4e      0x223 ./Core/Src/gpio.o
 .debug_macro   0x0001ee71      0x24f ./Core/Src/main.o
 .debug_macro   0x0001f0c0      0x223 ./Core/Src/rtc.o
 .debug_macro   0x0001f2e3      0x219 ./Core/Src/stm32f3xx_hal_msp.o
 .debug_macro   0x0001f4fc      0x223 ./Core/Src/stm32f3xx_it.o
 .debug_macro   0x0001f71f      0x20a ./Core/Src/system_stm32f3xx.o
 .debug_macro   0x0001f929      0x223 ./Core/Src/usart.o
 .debug_macro   0x0001fb4c      0x223 ./Core/Src/usb.o
 .debug_macro   0x0001fd6f      0x22e ./Drivers/STM32F3xx_HAL_Driver/Src/stm32f3xx_hal.o
 .debug_macro   0x0001ff9d      0x219 ./Drivers/STM32F3xx_HAL_Driver/Src/stm32f3xx_hal_can.o
 .debug_macro   0x000201b6      0x20a ./Drivers/STM32F3xx_HAL_Driver/Src/stm32f3xx_hal_cortex.o
 .debug_macro   0x000203c0      0x211 ./Drivers/STM32F3xx_HAL_Driver/Src/stm32f3xx_hal_gpio.o
 .debug_macro   0x000205d1      0x216 ./Drivers/STM32F3xx_HAL_Driver/Src/stm32f3xx_hal_pcd.o
 .debug_macro   0x000207e7      0x22e ./Drivers/STM32F3xx_HAL_Driver/Src/stm32f3xx_hal_rcc.o
 .debug_macro   0x00020a15      0x20a ./Drivers/STM32F3xx_HAL_Driver/Src/stm32f3xx_hal_rcc_ex.o
 .debug_macro   0x00020c1f      0x20b ./Drivers/STM32F3xx_HAL_Driver/Src/stm32f3xx_hal_rtc.o
 .debug_macro   0x00020e2a      0x227 ./Drivers/STM32F3xx_HAL_Driver/Src/stm32f3xx_hal_uart.o
 .debug_macro   0x00021051      0x20a ./Drivers/STM32F3xx_HAL_Driver/Src/stm32f3xx_ll_usb.o

.debug_line     0x00000000    0x10cdf
 .debug_line    0x00000000      0x839 ./Core/Src/can.o
 .debug_line    0x00000839      0x7ff ./Core/Src/gpio.o
 .debug_line    0x00001038      0x8c6 ./Core/Src/main.o
 .debug_line    0x000018fe      0x841 ./Core/Src/rtc.o
 .debug_line    0x0000213f      0x7cb ./Core/Src/stm32f3xx_hal_msp.o
 .debug_line    0x0000290a      0x88e ./Core/Src/stm32f3xx_it.o
 .debug_line    0x00003198      0x84a ./Core/Src/system_stm32f3xx.o
 .debug_line    0x000039e2      0x83b ./Core/Src/usart.o
 .debug_line    0x0000421d      0x819 ./Core/Src/usb.o
 .debug_line    0x00004a36       0x7a ./Core/Startup/startup_stm32f303zetx.o
 .debug_line    0x00004ab0      0xa7d ./Drivers/STM32F3xx_HAL_Driver/Src/stm32f3xx_hal.o
 .debug_line    0x0000552d     0x1257 ./Drivers/STM32F3xx_HAL_Driver/Src/stm32f3xx_hal_can.o
 .debug_line    0x00006784      0xd6a ./Drivers/STM32F3xx_HAL_Driver/Src/stm32f3xx_hal_cortex.o
 .debug_line    0x000074ee      0xc1c ./Drivers/STM32F3xx_HAL_Driver/Src/stm32f3xx_hal_gpio.o
 .debug_line    0x0000810a     0x13fd ./Drivers/STM32F3xx_HAL_Driver/Src/stm32f3xx_hal_pcd.o
 .debug_line    0x00009507     0x1429 ./Drivers/STM32F3xx_HAL_Driver/Src/stm32f3xx_hal_rcc.o
 .debug_line    0x0000a930      0xf92 ./Drivers/STM32F3xx_HAL_Driver/Src/stm32f3xx_hal_rcc_ex.o
 .debug_line    0x0000b8c2     0x1197 ./Drivers/STM32F3xx_HAL_Driver/Src/stm32f3xx_hal_rtc.o
 .debug_line    0x0000ca59     0x31d9 ./Drivers/STM32F3xx_HAL_Driver/Src/stm32f3xx_hal_uart.o
 .debug_line    0x0000fc32     0x10ad ./Drivers/STM32F3xx_HAL_Driver/Src/stm32f3xx_ll_usb.o

.debug_str      0x00000000    0xc7ef6
 .debug_str     0x00000000    0xc4898 ./Core/Src/can.o
                              0xc4f55 (size before relaxing)
 .debug_str     0x000c4898       0x68 ./Core/Src/gpio.o
                              0xc4c6d (size before relaxing)
 .debug_str     0x000c4900      0x3ec ./Core/Src/main.o
                              0xc5016 (size before relaxing)
 .debug_str     0x000c4cec      0x22e ./Core/Src/rtc.o
                              0xc4df1 (size before relaxing)
 .debug_str     0x000c4f1a       0x2c ./Core/Src/stm32f3xx_hal_msp.o
                              0xc4ba2 (size before relaxing)
 .debug_str     0x000c4f46       0xc9 ./Core/Src/stm32f3xx_it.o
                              0xc4bd1 (size before relaxing)
 .debug_str     0x000c500f       0xdf ./Core/Src/system_stm32f3xx.o
                              0xc49de (size before relaxing)
 .debug_str     0x000c50ee      0x3d5 ./Core/Src/usart.o
                              0xc50f5 (size before relaxing)
 .debug_str     0x000c54c3      0x311 ./Core/Src/usb.o
                              0xc4fb3 (size before relaxing)
 .debug_str     0x000c57d4       0x44 ./Core/Startup/startup_stm32f303zetx.o
                                 0x9a (size before relaxing)
 .debug_str     0x000c5818      0x71d ./Drivers/STM32F3xx_HAL_Driver/Src/stm32f3xx_hal.o
                              0xc5287 (size before relaxing)
 .debug_str     0x000c5f35      0x576 ./Drivers/STM32F3xx_HAL_Driver/Src/stm32f3xx_hal_can.o
                              0xc516d (size before relaxing)
 .debug_str     0x000c64ab      0x37a ./Drivers/STM32F3xx_HAL_Driver/Src/stm32f3xx_hal_cortex.o
                              0xc530b (size before relaxing)
 .debug_str     0x000c6825      0x143 ./Drivers/STM32F3xx_HAL_Driver/Src/stm32f3xx_hal_gpio.o
                              0xc4bc3 (size before relaxing)
 .debug_str     0x000c6968      0x534 ./Drivers/STM32F3xx_HAL_Driver/Src/stm32f3xx_hal_pcd.o
                              0xc5224 (size before relaxing)
 .debug_str     0x000c6e9c      0x2cf ./Drivers/STM32F3xx_HAL_Driver/Src/stm32f3xx_hal_rcc.o
                              0xc4e82 (size before relaxing)
 .debug_str     0x000c716b       0xbe ./Drivers/STM32F3xx_HAL_Driver/Src/stm32f3xx_hal_rcc_ex.o
                              0xc4ccc (size before relaxing)
 .debug_str     0x000c7229      0x33e ./Drivers/STM32F3xx_HAL_Driver/Src/stm32f3xx_hal_rtc.o
                              0xc4f00 (size before relaxing)
 .debug_str     0x000c7567      0x8b2 ./Drivers/STM32F3xx_HAL_Driver/Src/stm32f3xx_hal_uart.o
                              0xc5701 (size before relaxing)
 .debug_str     0x000c7e19       0xdd ./Drivers/STM32F3xx_HAL_Driver/Src/stm32f3xx_ll_usb.o
                              0xc4d79 (size before relaxing)

.comment        0x00000000       0x43
 .comment       0x00000000       0x43 ./Core/Src/can.o
                                 0x44 (size before relaxing)
 .comment       0x00000043       0x44 ./Core/Src/gpio.o
 .comment       0x00000043       0x44 ./Core/Src/main.o
 .comment       0x00000043       0x44 ./Core/Src/rtc.o
 .comment       0x00000043       0x44 ./Core/Src/stm32f3xx_hal_msp.o
 .comment       0x00000043       0x44 ./Core/Src/stm32f3xx_it.o
 .comment       0x00000043       0x44 ./Core/Src/system_stm32f3xx.o
 .comment       0x00000043       0x44 ./Core/Src/usart.o
 .comment       0x00000043       0x44 ./Core/Src/usb.o
 .comment       0x00000043       0x44 ./Drivers/STM32F3xx_HAL_Driver/Src/stm32f3xx_hal.o
 .comment       0x00000043       0x44 ./Drivers/STM32F3xx_HAL_Driver/Src/stm32f3xx_hal_can.o
 .comment       0x00000043       0x44 ./Drivers/STM32F3xx_HAL_Driver/Src/stm32f3xx_hal_cortex.o
 .comment       0x00000043       0x44 ./Drivers/STM32F3xx_HAL_Driver/Src/stm32f3xx_hal_gpio.o
 .comment       0x00000043       0x44 ./Drivers/STM32F3xx_HAL_Driver/Src/stm32f3xx_hal_pcd.o
 .comment       0x00000043       0x44 ./Drivers/STM32F3xx_HAL_Driver/Src/stm32f3xx_hal_rcc.o
 .comment       0x00000043       0x44 ./Drivers/STM32F3xx_HAL_Driver/Src/stm32f3xx_hal_rcc_ex.o
 .comment       0x00000043       0x44 ./Drivers/STM32F3xx_HAL_Driver/Src/stm32f3xx_hal_rtc.o
 .comment       0x00000043       0x44 ./Drivers/STM32F3xx_HAL_Driver/Src/stm32f3xx_hal_uart.o
 .comment       0x00000043       0x44 ./Drivers/STM32F3xx_HAL_Driver/Src/stm32f3xx_ll_usb.o

.debug_frame    0x00000000     0x2d60
 .debug_frame   0x00000000       0x74 ./Core/Src/can.o
 .debug_frame   0x00000074       0x34 ./Core/Src/gpio.o
 .debug_frame   0x000000a8       0xb4 ./Core/Src/main.o
 .debug_frame   0x0000015c       0x7c ./Core/Src/rtc.o
 .debug_frame   0x000001d8       0x38 ./Core/Src/stm32f3xx_hal_msp.o
 .debug_frame   0x00000210      0x104 ./Core/Src/stm32f3xx_it.o
 .debug_frame   0x00000314       0x58 ./Core/Src/system_stm32f3xx.o
 .debug_frame   0x0000036c       0x74 ./Core/Src/usart.o
 .debug_frame   0x000003e0       0x7c ./Core/Src/usb.o
 .debug_frame   0x0000045c      0x334 ./Drivers/STM32F3xx_HAL_Driver/Src/stm32f3xx_hal.o
 .debug_frame   0x00000790      0x5a0 ./Drivers/STM32F3xx_HAL_Driver/Src/stm32f3xx_hal_can.o
 .debug_frame   0x00000d30      0x4e8 ./Drivers/STM32F3xx_HAL_Driver/Src/stm32f3xx_hal_cortex.o
 .debug_frame   0x00001218      0x14c ./Drivers/STM32F3xx_HAL_Driver/Src/stm32f3xx_hal_gpio.o
 .debug_frame   0x00001364      0x590 ./Drivers/STM32F3xx_HAL_Driver/Src/stm32f3xx_hal_pcd.o
 .debug_frame   0x000018f4      0x214 ./Drivers/STM32F3xx_HAL_Driver/Src/stm32f3xx_hal_rcc.o
 .debug_frame   0x00001b08       0xb0 ./Drivers/STM32F3xx_HAL_Driver/Src/stm32f3xx_hal_rcc_ex.o
 .debug_frame   0x00001bb8      0x3f4 ./Drivers/STM32F3xx_HAL_Driver/Src/stm32f3xx_hal_rtc.o
 .debug_frame   0x00001fac      0x9e8 ./Drivers/STM32F3xx_HAL_Driver/Src/stm32f3xx_hal_uart.o
 .debug_frame   0x00002994      0x380 ./Drivers/STM32F3xx_HAL_Driver/Src/stm32f3xx_ll_usb.o
 .debug_frame   0x00002d14       0x20 D:/Programs/ST/STM32CubeIDE_1.15.1/STM32CubeIDE/plugins/com.st.stm32cube.ide.mcu.externaltools.gnu-tools-for-stm32.12.3.rel1.win32_1.0.100.202403111256/tools/bin/../lib/gcc/arm-none-eabi/12.3.1/../../../../arm-none-eabi/lib/thumb/v7e-m+fp/hard\libc_nano.a(libc_a-memset.o)
 .debug_frame   0x00002d34       0x2c D:/Programs/ST/STM32CubeIDE_1.15.1/STM32CubeIDE/plugins/com.st.stm32cube.ide.mcu.externaltools.gnu-tools-for-stm32.12.3.rel1.win32_1.0.100.202403111256/tools/bin/../lib/gcc/arm-none-eabi/12.3.1/../../../../arm-none-eabi/lib/thumb/v7e-m+fp/hard\libc_nano.a(libc_a-init.o)

.debug_line_str
                0x00000000       0x7e
 .debug_line_str
                0x00000000       0x7e ./Core/Startup/startup_stm32f303zetx.o
